TAP version 13
# Subtest: The analyzer
    # Subtest: accepts valid programs
        # Subtest: accepts a simple int pipeline
        ok 1 - accepts a simple int pipeline
          ---
          duration_ms: 6.88
          ...
        # Subtest: accepts an untyped let binding (defaults to Any, non-nullable)
        ok 2 - accepts an untyped let binding (defaults to Any, non-nullable)
          ---
          duration_ms: 2.3573
          ...
        # Subtest: accepts a typed Int let binding
        ok 3 - accepts a typed Int let binding
          ---
          duration_ms: 7.0473
          ...
        # Subtest: accepts a typed String let binding
        ok 4 - accepts a typed String let binding
          ---
          duration_ms: 4.8116
          ...
        # Subtest: accepts a typed Bool let binding
        ok 5 - accepts a typed Bool let binding
          ---
          duration_ms: 3.1025
          ...
        # Subtest: accepts a typed optional binding assigned none
        ok 6 - accepts a typed optional binding assigned none
          ---
          duration_ms: 2.6902
          ...
        # Subtest: accepts a typed optional binding assigned a value
        ok 7 - accepts a typed optional binding assigned a value
          ---
          duration_ms: 2.5714
          ...
        # Subtest: accepts a variable reference after its declaration
        ok 8 - accepts a variable reference after its declaration
          ---
          duration_ms: 3.7607
          ...
        # Subtest: accepts a filter pipeline with type pattern and guard
        ok 9 - accepts a filter pipeline with type pattern and guard
          ---
          duration_ms: 8.8969
          ...
        # Subtest: accepts a map pipeline with type pattern
        not ok 10 - accepts a map pipeline with type pattern
          ---
          duration_ms: 9.2246
          location: 'C:\\Users\\riley\\plang2\\Pipethon\\test\\analyzer.test.js:59:5'
          failureType: 'testCodeFailure'
          error: |-
            Got unwanted exception.
            Actual message: "Line 1, col 35:
            > 1 | [1n, 2n, 3n] |> map { int(n) => n * 2n _ => 0n };
                                                    ^
            Expected a numeric type (Int or Float), got 'Any'."
          code: 'ERR_ASSERTION'
          name: 'AssertionError'
          actual:
          error: |-
            Line 1, col 35:
            > 1 | [1n, 2n, 3n] |> map { int(n) => n * 2n _ => 0n };
                                                    ^
            Expected a numeric type (Int or Float), got 'Any'.
          stack: |-
            must (file:///C:/Users/riley/plang2/Pipethon/src/analyzer.js:56:11)
            Function.haveNumericType (file:///C:/Users/riley/plang2/Pipethon/src/analyzer.js:156:5)
            Semantics.Wrapper.Expr5_mul (file:///C:/Users/riley/plang2/Pipethon/src/analyzer.js:474:12)
            Operation.execute (file:///C:/Users/riley/plang2/Pipethon/node_modules/ohm-js/src/Semantics.js:634:25)
            Semantics.Wrapper.doIt [as rep] (file:///C:/Users/riley/plang2/Pipethon/node_modules/ohm-js/src/Semantics.js:368:29)
            Semantics.Wrapper.<anonymous> (file:///C:/Users/riley/plang2/Pipethon/node_modules/ohm-js/src/Semantics.js:487:19)
            Operation.execute (file:///C:/Users/riley/plang2/Pipethon/node_modules/ohm-js/src/Semantics.js:650:39)
            Semantics.Wrapper.doIt [as rep] (file:///C:/Users/riley/plang2/Pipethon/node_modules/ohm-js/src/Semantics.js:368:29)
            Semantics.Wrapper.<anonymous> (file:///C:/Users/riley/plang2/Pipethon/node_modules/ohm-js/src/Semantics.js:487:19)
            Operation.execute (file:///C:/Users/riley/plang2/Pipethon/node_modules/ohm-js/src/Semantics.js:650:39)
          operator: 'doesNotThrow'
          stack: |-
            ok (file:///C:/Users/riley/plang2/Pipethon/test/analyzer.test.js:11:10)
            TestContext.<anonymous> (file:///C:/Users/riley/plang2/Pipethon/test/analyzer.test.js:60:7)
            Test.runInAsyncScope (node:async_hooks:206:9)
            Test.run (node:internal/test_runner/test:796:25)
            Suite.processPendingSubtests (node:internal/test_runner/test:527:18)
            Test.postRun (node:internal/test_runner/test:889:19)
            Test.run (node:internal/test_runner/test:835:12)
            async Suite.processPendingSubtests (node:internal/test_runner/test:527:7)
          ...
        # Subtest: accepts some/none arm pair as exhaustive coverage
        ok 11 - accepts some/none arm pair as exhaustive coverage
          ---
          duration_ms: 4.3882
          ...
        # Subtest: accepts ?? on an explicitly optional variable
        ok 12 - accepts ?? on an explicitly optional variable
          ---
          duration_ms: 3.0323
          ...
        # Subtest: accepts a named pipeline declaration without type
        not ok 13 - accepts a named pipeline declaration without type
          ---
          duration_ms: 4.2585
          location: 'C:\\Users\\riley\\plang2\\Pipethon\\test\\analyzer.test.js:71:5'
          failureType: 'testCodeFailure'
          error: |-
            Got unwanted exception.
            Actual message: "Line 1, col 50:
            > 1 | pipeline doubles = [1n, 2n] |> map { int(n) => n * 2n _ => 0n };
                                                                   ^
            Expected a numeric type (Int or Float), got 'Any'."
          code: 'ERR_ASSERTION'
          name: 'AssertionError'
          actual:
          error: |-
            Line 1, col 50:
            > 1 | pipeline doubles = [1n, 2n] |> map { int(n) => n * 2n _ => 0n };
                                                                   ^
            Expected a numeric type (Int or Float), got 'Any'.
          stack: |-
            must (file:///C:/Users/riley/plang2/Pipethon/src/analyzer.js:56:11)
            Function.haveNumericType (file:///C:/Users/riley/plang2/Pipethon/src/analyzer.js:156:5)
            Semantics.Wrapper.Expr5_mul (file:///C:/Users/riley/plang2/Pipethon/src/analyzer.js:474:12)
            Operation.execute (file:///C:/Users/riley/plang2/Pipethon/node_modules/ohm-js/src/Semantics.js:634:25)
            Semantics.Wrapper.doIt [as rep] (file:///C:/Users/riley/plang2/Pipethon/node_modules/ohm-js/src/Semantics.js:368:29)
            Semantics.Wrapper.<anonymous> (file:///C:/Users/riley/plang2/Pipethon/node_modules/ohm-js/src/Semantics.js:487:19)
            Operation.execute (file:///C:/Users/riley/plang2/Pipethon/node_modules/ohm-js/src/Semantics.js:650:39)
            Semantics.Wrapper.doIt [as rep] (file:///C:/Users/riley/plang2/Pipethon/node_modules/ohm-js/src/Semantics.js:368:29)
            Semantics.Wrapper.<anonymous> (file:///C:/Users/riley/plang2/Pipethon/node_modules/ohm-js/src/Semantics.js:487:19)
            Operation.execute (file:///C:/Users/riley/plang2/Pipethon/node_modules/ohm-js/src/Semantics.js:650:39)
          operator: 'doesNotThrow'
          stack: |-
            ok (file:///C:/Users/riley/plang2/Pipethon/test/analyzer.test.js:11:10)
            TestContext.<anonymous> (file:///C:/Users/riley/plang2/Pipethon/test/analyzer.test.js:72:7)
            Test.runInAsyncScope (node:async_hooks:206:9)
            Test.run (node:internal/test_runner/test:796:25)
            Suite.processPendingSubtests (node:internal/test_runner/test:527:18)
            Test.postRun (node:internal/test_runner/test:889:19)
            Test.run (node:internal/test_runner/test:835:12)
            async Suite.processPendingSubtests (node:internal/test_runner/test:527:7)
          ...
        # Subtest: accepts a named pipeline with a pipeline type annotation
        not ok 14 - accepts a named pipeline with a pipeline type annotation
          ---
          duration_ms: 4.4464
          location: 'C:\\Users\\riley\\plang2\\Pipethon\\test\\analyzer.test.js:75:5'
          failureType: 'testCodeFailure'
          error: |-
            Got unwanted exception.
            Actual message: "Line 1, col 35:
            > 1 | pipeline pos: Any -> Any = filter { int(n) if n > 0n => true _ => false };
                                                    ^
            Expected ";", "|>", "(", ".", "%", "/", "*", ">", "<", ">=", "<=", "-", "+", "&&", "!=", "==", "??", or "||""
          code: 'ERR_ASSERTION'
          name: 'AssertionError'
          actual:
          error: |-
            Line 1, col 35:
            > 1 | pipeline pos: Any -> Any = filter { int(n) if n > 0n => true _ => false };
                                                    ^
            Expected ";", "|>", "(", ".", "%", "/", "*", ">", "<", ">=", "<=", "-", "+", "&&", "!=", "==", "??", or "||"
          stack: |-
            parse (file:///C:/Users/riley/plang2/Pipethon/src/parser.js:17:33)
            file:///C:/Users/riley/plang2/Pipethon/test/analyzer.test.js:11:37
            getActual (node:assert:498:5)
            Function.doesNotThrow (node:assert:664:32)
            ok (file:///C:/Users/riley/plang2/Pipethon/test/analyzer.test.js:11:10)
            TestContext.<anonymous> (file:///C:/Users/riley/plang2/Pipethon/test/analyzer.test.js:76:7)
            Test.runInAsyncScope (node:async_hooks:206:9)
            Test.run (node:internal/test_runner/test:796:25)
            Suite.processPendingSubtests (node:internal/test_runner/test:527:18)
            Test.postRun (node:internal/test_runner/test:889:19)
          operator: 'doesNotThrow'
          stack: |-
            ok (file:///C:/Users/riley/plang2/Pipethon/test/analyzer.test.js:11:10)
            TestContext.<anonymous> (file:///C:/Users/riley/plang2/Pipethon/test/analyzer.test.js:76:7)
            Test.runInAsyncScope (node:async_hooks:206:9)
            Test.run (node:internal/test_runner/test:796:25)
            Suite.processPendingSubtests (node:internal/test_runner/test:527:18)
            Test.postRun (node:internal/test_runner/test:889:19)
            Test.run (node:internal/test_runner/test:835:12)
            async Suite.processPendingSubtests (node:internal/test_runner/test:527:7)
          ...
        # Subtest: accepts llm() as a pipe stage with model and prompt
        ok 15 - accepts llm() as a pipe stage with model and prompt
          ---
          duration_ms: 8.9523
          ...
        # Subtest: accepts llm() expression in a match arm body
        ok 16 - accepts llm() expression in a match arm body
          ---
          duration_ms: 8.2226
          ...
        # Subtest: accepts method call on a non-optional value
        ok 17 - accepts method call on a non-optional value
          ---
          duration_ms: 6.8407
          ...
        # Subtest: accepts arithmetic in a let binding
        ok 18 - accepts arithmetic in a let binding
          ---
          duration_ms: 2.1532
          ...
        # Subtest: accepts logical not on a bool
        ok 19 - accepts logical not on a bool
          ---
          duration_ms: 2.37
          ...
        # Subtest: accepts negation of an int literal
        ok 20 - accepts negation of an int literal
          ---
          duration_ms: 2.3571
          ...
        # Subtest: accepts an object literal with a destructuring pattern
        ok 21 - accepts an object literal with a destructuring pattern
          ---
          duration_ms: 5.2326
          ...
        # Subtest: accepts a head/tail list pattern
        ok 22 - accepts a head/tail list pattern
          ---
          duration_ms: 4.727
          ...
        # Subtest: accepts an empty list pattern
        ok 23 - accepts an empty list pattern
          ---
          duration_ms: 3.7633
          ...
        # Subtest: accepts a bool literal pattern
        ok 24 - accepts a bool literal pattern
          ---
          duration_ms: 1.7416
          ...
        # Subtest: accepts an int literal pattern
        ok 25 - accepts an int literal pattern
          ---
          duration_ms: 3.138
          ...
        # Subtest: accepts multiple sequential let statements
        ok 26 - accepts multiple sequential let statements
          ---
          duration_ms: 2.9216
          ...
        # Subtest: accepts a full three-stage pipeline ending in collect
        not ok 27 - accepts a full three-stage pipeline ending in collect
          ---
          duration_ms: 5.5059
          location: 'C:\\Users\\riley\\plang2\\Pipethon\\test\\analyzer.test.js:127:5'
          failureType: 'testCodeFailure'
          error: |-
            Got unwanted exception.
            Actual message: "Line 1, col 35:
            > 1 | [1n, 2n, 3n] |> map { int(n) => n * 2n _ => 0n } |> collect;
                                                    ^
            Expected a numeric type (Int or Float), got 'Any'."
          code: 'ERR_ASSERTION'
          name: 'AssertionError'
          actual:
          error: |-
            Line 1, col 35:
            > 1 | [1n, 2n, 3n] |> map { int(n) => n * 2n _ => 0n } |> collect;
                                                    ^
            Expected a numeric type (Int or Float), got 'Any'.
          stack: |-
            must (file:///C:/Users/riley/plang2/Pipethon/src/analyzer.js:56:11)
            Function.haveNumericType (file:///C:/Users/riley/plang2/Pipethon/src/analyzer.js:156:5)
            Semantics.Wrapper.Expr5_mul (file:///C:/Users/riley/plang2/Pipethon/src/analyzer.js:474:12)
            Operation.execute (file:///C:/Users/riley/plang2/Pipethon/node_modules/ohm-js/src/Semantics.js:634:25)
            Semantics.Wrapper.doIt [as rep] (file:///C:/Users/riley/plang2/Pipethon/node_modules/ohm-js/src/Semantics.js:368:29)
            Semantics.Wrapper.<anonymous> (file:///C:/Users/riley/plang2/Pipethon/node_modules/ohm-js/src/Semantics.js:487:19)
            Operation.execute (file:///C:/Users/riley/plang2/Pipethon/node_modules/ohm-js/src/Semantics.js:650:39)
            Semantics.Wrapper.doIt [as rep] (file:///C:/Users/riley/plang2/Pipethon/node_modules/ohm-js/src/Semantics.js:368:29)
            Semantics.Wrapper.<anonymous> (file:///C:/Users/riley/plang2/Pipethon/node_modules/ohm-js/src/Semantics.js:487:19)
            Operation.execute (file:///C:/Users/riley/plang2/Pipethon/node_modules/ohm-js/src/Semantics.js:650:39)
          operator: 'doesNotThrow'
          stack: |-
            ok (file:///C:/Users/riley/plang2/Pipethon/test/analyzer.test.js:11:10)
            TestContext.<anonymous> (file:///C:/Users/riley/plang2/Pipethon/test/analyzer.test.js:128:7)
            Test.runInAsyncScope (node:async_hooks:206:9)
            Test.run (node:internal/test_runner/test:796:25)
            Suite.processPendingSubtests (node:internal/test_runner/test:527:18)
            Test.postRun (node:internal/test_runner/test:889:19)
            Test.run (node:internal/test_runner/test:835:12)
            async Suite.processPendingSubtests (node:internal/test_runner/test:527:7)
          ...
        # Subtest: accepts object pattern with field shorthand
        ok 28 - accepts object pattern with field shorthand
          ---
          duration_ms: 3.6251
          ...
        # Subtest: accepts a list literal flowing to print
        ok 29 - accepts a list literal flowing to print
          ---
          duration_ms: 2.3493
          ...
        # Subtest: accepts a string literal flowing through a string pattern
        ok 30 - accepts a string literal flowing through a string pattern
          ---
          duration_ms: 2.7175
          ...
        # Subtest: accepts guard with && compound condition
        ok 31 - accepts guard with && compound condition
          ---
          duration_ms: 3.7826
          ...
        1..31
    not ok 1 - accepts valid programs
      ---
      duration_ms: 141.3505
      type: 'suite'
      location: 'C:\\Users\\riley\\plang2\\Pipethon\\test\\analyzer.test.js:22:3'
      failureType: 'subtestsFailed'
      error: '4 subtests failed'
      code: 'ERR_TEST_FAILURE'
      stack: |-
        async Promise.all (index 0)
      ...
    # Subtest: Rule 1 ΓÇö none can only be assigned to an explicit optional type
        # Subtest: rejects none with no type annotation (would introduce null unsafety)
        not ok 1 - rejects none with no type annotation (would introduce null unsafety)
          ---
          duration_ms: 1.2572
          location: 'C:\\Users\\riley\\plang2\\Pipethon\\test\\analyzer.test.js:151:5'
          failureType: 'testCodeFailure'
          error: 'Missing expected exception.'
          code: 'ERR_ASSERTION'
          name: 'AssertionError'
          expected:
          operator: 'throws'
          stack: |-
            err (file:///C:/Users/riley/plang2/Pipethon/test/analyzer.test.js:15:10)
            TestContext.<anonymous> (file:///C:/Users/riley/plang2/Pipethon/test/analyzer.test.js:152:7)
            Test.runInAsyncScope (node:async_hooks:206:9)
            Test.run (node:internal/test_runner/test:796:25)
            Test.start (node:internal/test_runner/test:703:17)
            node:internal/test_runner/test:1133:71
            node:internal/per_context/primordials:487:82
            new Promise (<anonymous>)
            new SafePromise (node:internal/per_context/primordials:455:29)
            node:internal/per_context/primordials:487:9
          ...
        # Subtest: rejects none assigned to a required Int
        not ok 2 - rejects none assigned to a required Int
          ---
          duration_ms: 1.3869
          location: 'C:\\Users\\riley\\plang2\\Pipethon\\test\\analyzer.test.js:155:5'
          failureType: 'testCodeFailure'
          error: 'Missing expected exception.'
          code: 'ERR_ASSERTION'
          name: 'AssertionError'
          expected:
          operator: 'throws'
          stack: |-
            err (file:///C:/Users/riley/plang2/Pipethon/test/analyzer.test.js:15:10)
            TestContext.<anonymous> (file:///C:/Users/riley/plang2/Pipethon/test/analyzer.test.js:156:7)
            Test.runInAsyncScope (node:async_hooks:206:9)
            Test.run (node:internal/test_runner/test:796:25)
            Suite.processPendingSubtests (node:internal/test_runner/test:527:18)
            Test.postRun (node:internal/test_runner/test:889:19)
            Test.run (node:internal/test_runner/test:835:12)
            async Promise.all (index 0)
            async Suite.run (node:internal/test_runner/test:1135:7)
            async Suite.processPendingSubtests (node:internal/test_runner/test:527:7)
          ...
        # Subtest: rejects none assigned to a required String
        not ok 3 - rejects none assigned to a required String
          ---
          duration_ms: 1.405
          location: 'C:\\Users\\riley\\plang2\\Pipethon\\test\\analyzer.test.js:159:5'
          failureType: 'testCodeFailure'
          error: 'Missing expected exception.'
          code: 'ERR_ASSERTION'
          name: 'AssertionError'
          expected:
          operator: 'throws'
          stack: |-
            err (file:///C:/Users/riley/plang2/Pipethon/test/analyzer.test.js:15:10)
            TestContext.<anonymous> (file:///C:/Users/riley/plang2/Pipethon/test/analyzer.test.js:160:7)
            Test.runInAsyncScope (node:async_hooks:206:9)
            Test.run (node:internal/test_runner/test:796:25)
            Suite.processPendingSubtests (node:internal/test_runner/test:527:18)
            Test.postRun (node:internal/test_runner/test:889:19)
            Test.run (node:internal/test_runner/test:835:12)
            async Suite.processPendingSubtests (node:internal/test_runner/test:527:7)
          ...
        # Subtest: rejects none assigned to a required Bool
        not ok 4 - rejects none assigned to a required Bool
          ---
          duration_ms: 1.6149
          location: 'C:\\Users\\riley\\plang2\\Pipethon\\test\\analyzer.test.js:163:5'
          failureType: 'testCodeFailure'
          error: 'Missing expected exception.'
          code: 'ERR_ASSERTION'
          name: 'AssertionError'
          expected:
          operator: 'throws'
          stack: |-
            err (file:///C:/Users/riley/plang2/Pipethon/test/analyzer.test.js:15:10)
            TestContext.<anonymous> (file:///C:/Users/riley/plang2/Pipethon/test/analyzer.test.js:164:7)
            Test.runInAsyncScope (node:async_hooks:206:9)
            Test.run (node:internal/test_runner/test:796:25)
            Suite.processPendingSubtests (node:internal/test_runner/test:527:18)
            Test.postRun (node:internal/test_runner/test:889:19)
            Test.run (node:internal/test_runner/test:835:12)
            async Suite.processPendingSubtests (node:internal/test_runner/test:527:7)
          ...
        1..4
    not ok 2 - Rule 1 ΓÇö none can only be assigned to an explicit optional type
      ---
      duration_ms: 6.0497
      type: 'suite'
      location: 'C:\\Users\\riley\\plang2\\Pipethon\\test\\analyzer.test.js:150:3'
      failureType: 'subtestsFailed'
      error: '4 subtests failed'
      code: 'ERR_TEST_FAILURE'
      ...
    # Subtest: Rule 3 ΓÇö left side of ?? must be optional
        # Subtest: rejects ?? on a non-optional Int variable
        ok 1 - rejects ?? on a non-optional Int variable
          ---
          duration_ms: 2.725
          ...
        # Subtest: rejects ?? on a string literal
        ok 2 - rejects ?? on a string literal
          ---
          duration_ms: 1.8226
          ...
        # Subtest: rejects ?? on a bool literal
        ok 3 - rejects ?? on a bool literal
          ---
          duration_ms: 1.7568
          ...
        1..3
    ok 3 - Rule 3 ΓÇö left side of ?? must be optional
      ---
      duration_ms: 6.5661
      type: 'suite'
      ...
    # Subtest: Rule 6 ΓÇö pattern blocks must be exhaustive
        # Subtest: rejects a single type-pattern arm with no wildcard
        ok 1 - rejects a single type-pattern arm with no wildcard
          ---
          duration_ms: 1.2053
          ...
        # Subtest: rejects a map block with only one arm and no wildcard
        not ok 2 - rejects a map block with only one arm and no wildcard
          ---
          duration_ms: 3.0378
          location: 'C:\\Users\\riley\\plang2\\Pipethon\\test\\analyzer.test.js:191:5'
          failureType: 'testCodeFailure'
          error: |-
            The input did not match the regular expression /Non-exhaustive/. Input:
            
            'Error: Line 1, col 27:\n' +
              '> 1 | [1n] |> map { int(n) => n * 2n };\n' +
              '                                ^\n' +
              "Expected a numeric type (Int or Float), got 'Any'."
            
          code: 'ERR_ASSERTION'
          name: 'AssertionError'
          expected:
          actual:
          error: |-
            Line 1, col 27:
            > 1 | [1n] |> map { int(n) => n * 2n };
                                            ^
            Expected a numeric type (Int or Float), got 'Any'.
          stack: |-
            must (file:///C:/Users/riley/plang2/Pipethon/src/analyzer.js:56:11)
            Function.haveNumericType (file:///C:/Users/riley/plang2/Pipethon/src/analyzer.js:156:5)
            Semantics.Wrapper.Expr5_mul (file:///C:/Users/riley/plang2/Pipethon/src/analyzer.js:474:12)
            Operation.execute (file:///C:/Users/riley/plang2/Pipethon/node_modules/ohm-js/src/Semantics.js:634:25)
            Semantics.Wrapper.doIt [as rep] (file:///C:/Users/riley/plang2/Pipethon/node_modules/ohm-js/src/Semantics.js:368:29)
            Semantics.Wrapper.<anonymous> (file:///C:/Users/riley/plang2/Pipethon/node_modules/ohm-js/src/Semantics.js:487:19)
            Operation.execute (file:///C:/Users/riley/plang2/Pipethon/node_modules/ohm-js/src/Semantics.js:650:39)
            Semantics.Wrapper.doIt [as rep] (file:///C:/Users/riley/plang2/Pipethon/node_modules/ohm-js/src/Semantics.js:368:29)
            Semantics.Wrapper.<anonymous> (file:///C:/Users/riley/plang2/Pipethon/node_modules/ohm-js/src/Semantics.js:487:19)
            Operation.execute (file:///C:/Users/riley/plang2/Pipethon/node_modules/ohm-js/src/Semantics.js:650:39)
          operator: 'throws'
          stack: |-
            err (file:///C:/Users/riley/plang2/Pipethon/test/analyzer.test.js:15:10)
            TestContext.<anonymous> (file:///C:/Users/riley/plang2/Pipethon/test/analyzer.test.js:192:7)
            Test.runInAsyncScope (node:async_hooks:206:9)
            Test.run (node:internal/test_runner/test:796:25)
            Suite.processPendingSubtests (node:internal/test_runner/test:527:18)
            Test.postRun (node:internal/test_runner/test:889:19)
            Test.run (node:internal/test_runner/test:835:12)
            async Promise.all (index 0)
            async Suite.run (node:internal/test_runner/test:1135:7)
            async Suite.processPendingSubtests (node:internal/test_runner/test:527:7)
          ...
        # Subtest: rejects a block with only a guard arm and no fallback
        ok 3 - rejects a block with only a guard arm and no fallback
          ---
          duration_ms: 1.7017
          ...
        1..3
    not ok 4 - Rule 6 ΓÇö pattern blocks must be exhaustive
      ---
      duration_ms: 6.1519
      type: 'suite'
      location: 'C:\\Users\\riley\\plang2\\Pipethon\\test\\analyzer.test.js:186:3'
      failureType: 'subtestsFailed'
      error: '1 subtest failed'
      code: 'ERR_TEST_FAILURE'
      ...
    # Subtest: Rule 7 ΓÇö wildcard _ must be the last arm
        # Subtest: rejects a wildcard arm followed by another arm
        ok 1 - rejects a wildcard arm followed by another arm
          ---
          duration_ms: 1.3454
          ...
        1..1
    ok 5 - Rule 7 ΓÇö wildcard _ must be the last arm
      ---
      duration_ms: 1.4601
      type: 'suite'
      ...
    # Subtest: Rule 10 ΓÇö no duplicate fields in object patterns
        # Subtest: rejects the same field name twice in one object pattern
        ok 1 - rejects the same field name twice in one object pattern
          ---
          duration_ms: 2.7006
          ...
        1..1
    ok 6 - Rule 10 ΓÇö no duplicate fields in object patterns
      ---
      duration_ms: 2.8966
      type: 'suite'
      ...
    # Subtest: Rule 11 ΓÇö undeclared variable references
        # Subtest: rejects a reference to a never-declared variable
        ok 1 - rejects a reference to a never-declared variable
          ---
          duration_ms: 1.5398
          ...
        # Subtest: rejects a variable used before its declaration
        ok 2 - rejects a variable used before its declaration
          ---
          duration_ms: 1.5476
          ...
        # Subtest: rejects an undeclared named pipe stage
        ok 3 - rejects an undeclared named pipe stage
          ---
          duration_ms: 1.1626
          ...
        1..3
    ok 7 - Rule 11 ΓÇö undeclared variable references
      ---
      duration_ms: 4.5203
      type: 'suite'
      ...
    # Subtest: Rule 12 ΓÇö duplicate declarations
        # Subtest: rejects two let bindings with the same name
        ok 1 - rejects two let bindings with the same name
          ---
          duration_ms: 1.0361
          ...
        # Subtest: rejects a let and a pipeline declaration sharing a name
        ok 2 - rejects a let and a pipeline declaration sharing a name
          ---
          duration_ms: 3.051
          ...
        1..2
    ok 8 - Rule 12 ΓÇö duplicate declarations
      ---
      duration_ms: 4.2522
      type: 'suite'
      ...
    # Subtest: llm() requires model argument
        # Subtest: rejects llm() with no arguments at all
        ok 1 - rejects llm() with no arguments at all
          ---
          duration_ms: 1.5949
          ...
        # Subtest: accepts llm() with both model and prompt
        ok 2 - accepts llm() with both model and prompt
          ---
          duration_ms: 1.2594
          ...
        # Subtest: accepts llm() expression with model and format
        not ok 3 - accepts llm() expression with model and format
          ---
          duration_ms: 1.5429
          location: 'C:\\Users\\riley\\plang2\\Pipethon\\test\\analyzer.test.js:259:5'
          failureType: 'testCodeFailure'
          error: |-
            Got unwanted exception.
            Actual message: "Missing semantic action for 'id' in operation 'rep'.
            Action stack (most recent call last):
              rep > Program
              rep > default action for 'Statement'
              rep > ExprStmt
              rep > Pipeline
              rep > default action for 'PipeStage'
              rep > PipeStage_llm
              rep > LLMArg
              rep > id"
          code: 'ERR_ASSERTION'
          name: 'AssertionError'
          actual:
          error: |-
            Missing semantic action for 'id' in operation 'rep'.
            Action stack (most recent call last):
              rep > Program
              rep > default action for 'Statement'
              rep > ExprStmt
              rep > Pipeline
              rep > default action for 'PipeStage'
              rep > PipeStage_llm
              rep > LLMArg
              rep > id
          stack: |-
            createError (file:///C:/Users/riley/plang2/Pipethon/node_modules/ohm-js/src/errors.js:15:9)
            Module.missingSemanticAction (file:///C:/Users/riley/plang2/Pipethon/node_modules/ohm-js/src/errors.js:305:13)
            Semantics.Wrapper.<anonymous> (file:///C:/Users/riley/plang2/Pipethon/node_modules/ohm-js/src/Semantics.js:491:20)
            Operation.execute (file:///C:/Users/riley/plang2/Pipethon/node_modules/ohm-js/src/Semantics.js:650:39)
            Semantics.Wrapper.doIt [as rep] (file:///C:/Users/riley/plang2/Pipethon/node_modules/ohm-js/src/Semantics.js:368:29)
            Semantics.Wrapper.LLMArg (file:///C:/Users/riley/plang2/Pipethon/src/analyzer.js:312:52)
            Operation.execute (file:///C:/Users/riley/plang2/Pipethon/node_modules/ohm-js/src/Semantics.js:634:25)
            Semantics.Wrapper.doIt [as rep] (file:///C:/Users/riley/plang2/Pipethon/node_modules/ohm-js/src/Semantics.js:368:29)
            file:///C:/Users/riley/plang2/Pipethon/src/analyzer.js:272:65
            Array.map (<anonymous>)
          operator: 'doesNotThrow'
          stack: |-
            ok (file:///C:/Users/riley/plang2/Pipethon/test/analyzer.test.js:11:10)
            TestContext.<anonymous> (file:///C:/Users/riley/plang2/Pipethon/test/analyzer.test.js:260:7)
            Test.runInAsyncScope (node:async_hooks:206:9)
            Test.run (node:internal/test_runner/test:796:25)
            Suite.processPendingSubtests (node:internal/test_runner/test:527:18)
            Test.postRun (node:internal/test_runner/test:889:19)
            Test.run (node:internal/test_runner/test:835:12)
            async Suite.processPendingSubtests (node:internal/test_runner/test:527:7)
          ...
        1..3
    not ok 9 - llm() requires model argument
      ---
      duration_ms: 4.6526
      type: 'suite'
      location: 'C:\\Users\\riley\\plang2\\Pipethon\\test\\analyzer.test.js:249:3'
      failureType: 'subtestsFailed'
      error: '1 subtest failed'
      code: 'ERR_TEST_FAILURE'
      ...
    1..9
not ok 1 - The analyzer
  ---
  duration_ms: 180.3193
  type: 'suite'
  location: 'C:\\Users\\riley\\plang2\\Pipethon\\test\\analyzer.test.js:18:1'
  failureType: 'subtestsFailed'
  error: '4 subtests failed'
  code: 'ERR_TEST_FAILURE'
  ...
# Subtest: The compiler (end-to-end)
    # Subtest: output type routing
        # Subtest: returns 'Syntax is ok' for outputType 'parsed'
        ok 1 - returns 'Syntax is ok' for outputType 'parsed'
          ---
          duration_ms: 4.8582
          ...
        # Subtest: returns an AST object for outputType 'analyzed'
        ok 2 - returns an AST object for outputType 'analyzed'
          ---
          duration_ms: 3.0664
          ...
        # Subtest: returns an optimized AST object for outputType 'optimized'
        ok 3 - returns an optimized AST object for outputType 'optimized'
          ---
          duration_ms: 3.519
          ...
        # Subtest: returns a JS string for outputType 'js'
        ok 4 - returns a JS string for outputType 'js'
          ---
          duration_ms: 7.3306
          ...
        # Subtest: throws on an unknown output type
        ok 5 - throws on an unknown output type
          ---
          duration_ms: 0.8078
          ...
        1..5
    ok 1 - output type routing
      ---
      duration_ms: 21.3307
      type: 'suite'
      ...
    # Subtest: syntax errors
        # Subtest: throws on missing semicolon
        ok 1 - throws on missing semicolon
          ---
          duration_ms: 5.8932
          ...
        # Subtest: throws on empty pattern block
        ok 2 - throws on empty pattern block
          ---
          duration_ms: 3.5588
          ...
        # Subtest: throws on unknown token
        ok 3 - throws on unknown token
          ---
          duration_ms: 2.7121
          ...
        # Subtest: throws on llm() with no arguments
        ok 4 - throws on llm() with no arguments
          ---
          duration_ms: 3.0857
          ...
        1..4
    ok 2 - syntax errors
      ---
      duration_ms: 18.6735
      type: 'suite'
      ...
    # Subtest: semantic errors
        # Subtest: throws on none assigned to unannotated variable
        not ok 1 - throws on none assigned to unannotated variable
          ---
          duration_ms: 4.4693
          location: 'C:\\Users\\riley\\plang2\\Pipethon\\test\\compiler.test.js:79:5'
          failureType: 'testCodeFailure'
          error: 'Missing expected exception.'
          code: 'ERR_ASSERTION'
          name: 'AssertionError'
          expected:
          operator: 'throws'
          stack: |-
            err (file:///C:/Users/riley/plang2/Pipethon/test/compiler.test.js:19:10)
            TestContext.<anonymous> (file:///C:/Users/riley/plang2/Pipethon/test/compiler.test.js:80:7)
            Test.runInAsyncScope (node:async_hooks:206:9)
            Test.run (node:internal/test_runner/test:796:25)
            Test.start (node:internal/test_runner/test:703:17)
            node:internal/test_runner/test:1133:71
            node:internal/per_context/primordials:487:82
            new Promise (<anonymous>)
            new SafePromise (node:internal/per_context/primordials:455:29)
            node:internal/per_context/primordials:487:9
          ...
        # Subtest: throws on none assigned to non-optional type
        not ok 2 - throws on none assigned to non-optional type
          ---
          duration_ms: 3.5826
          location: 'C:\\Users\\riley\\plang2\\Pipethon\\test\\compiler.test.js:83:5'
          failureType: 'testCodeFailure'
          error: 'Missing expected exception.'
          code: 'ERR_ASSERTION'
          name: 'AssertionError'
          expected:
          operator: 'throws'
          stack: |-
            err (file:///C:/Users/riley/plang2/Pipethon/test/compiler.test.js:19:10)
            TestContext.<anonymous> (file:///C:/Users/riley/plang2/Pipethon/test/compiler.test.js:84:7)
            Test.runInAsyncScope (node:async_hooks:206:9)
            Test.run (node:internal/test_runner/test:796:25)
            Suite.processPendingSubtests (node:internal/test_runner/test:527:18)
            Test.postRun (node:internal/test_runner/test:889:19)
            Test.run (node:internal/test_runner/test:835:12)
            async Promise.all (index 0)
            async Suite.run (node:internal/test_runner/test:1135:7)
            async Suite.processPendingSubtests (node:internal/test_runner/test:527:7)
          ...
        # Subtest: throws on undeclared variable reference
        ok 3 - throws on undeclared variable reference
          ---
          duration_ms: 2.9576
          ...
        # Subtest: throws on duplicate let declarations
        ok 4 - throws on duplicate let declarations
          ---
          duration_ms: 4.5025
          ...
        # Subtest: throws on non-exhaustive pattern block
        ok 5 - throws on non-exhaustive pattern block
          ---
          duration_ms: 6.3471
          ...
        # Subtest: throws on wildcard before last position
        ok 6 - throws on wildcard before last position
          ---
          duration_ms: 4.4238
          ...
        # Subtest: throws on ?? with non-optional left side
        ok 7 - throws on ?? with non-optional left side
          ---
          duration_ms: 3.9301
          ...
        # Subtest: throws on llm() missing model argument
        ok 8 - throws on llm() missing model argument
          ---
          duration_ms: 4.7497
          ...
        1..8
    not ok 3 - semantic errors
      ---
      duration_ms: 35.8248
      type: 'suite'
      location: 'C:\\Users\\riley\\plang2\\Pipethon\\test\\compiler.test.js:78:3'
      failureType: 'subtestsFailed'
      error: '2 subtests failed'
      code: 'ERR_TEST_FAILURE'
      ...
    # Subtest: optimizer integration
        # Subtest: folds constant arithmetic before emitting JS
        not ok 1 - folds constant arithmetic before emitting JS
          ---
          duration_ms: 6.5328
          location: 'C:\\Users\\riley\\plang2\\Pipethon\\test\\compiler.test.js:115:5'
          failureType: 'testCodeFailure'
          error: |-
            Expected 5n in output; got:
            // Generated by Pipethon compiler
            // Runtime helper for llm() calls must be provided separately.
            const x_1 = 5;
          code: 'ERR_ASSERTION'
          name: 'AssertionError'
          expected: true
          actual: false
          operator: '=='
          stack: |-
            TestContext.<anonymous> (file:///C:/Users/riley/plang2/Pipethon/test/compiler.test.js:119:14)
            Test.runInAsyncScope (node:async_hooks:206:9)
            Test.run (node:internal/test_runner/test:796:25)
            Test.start (node:internal/test_runner/test:703:17)
            node:internal/test_runner/test:1133:71
            node:internal/per_context/primordials:487:82
            new Promise (<anonymous>)
            new SafePromise (node:internal/per_context/primordials:455:29)
            node:internal/per_context/primordials:487:9
            Array.map (<anonymous>)
          ...
        # Subtest: folds x + 0n to x (strength reduction)
        ok 2 - folds x + 0n to x (strength reduction)
          ---
          duration_ms: 3.2322
          ...
        # Subtest: folds none ?? default ΓåÆ default
        ok 3 - folds none ?? default ΓåÆ default
          ---
          duration_ms: 3.0786
          ...
        1..3
    not ok 4 - optimizer integration
      ---
      duration_ms: 13.2822
      type: 'suite'
      location: 'C:\\Users\\riley\\plang2\\Pipethon\\test\\compiler.test.js:114:3'
      failureType: 'subtestsFailed'
      error: '1 subtest failed'
      code: 'ERR_TEST_FAILURE'
      ...
    # Subtest: full programs compile end-to-end
        # Subtest: compiles a filter-map-collect chain
        not ok 1 - compiles a filter-map-collect chain
          ---
          duration_ms: 5.6824
          location: 'C:\\Users\\riley\\plang2\\Pipethon\\test\\compiler.test.js:140:5'
          failureType: 'testCodeFailure'
          error: |-
            Got unwanted exception.
            Actual message: "Line 1, col 85:
            > 1 | [1n, 2n, 3n] |> filter { int(n) if n > 1n => true _ => false } |> map { int(n) => n * 2n _ => 0n } |> collect;
                                                                                                      ^
            Expected a numeric type (Int or Float), got 'Any'."
          code: 'ERR_ASSERTION'
          name: 'AssertionError'
          actual:
          error: |-
            Line 1, col 85:
            > 1 | [1n, 2n, 3n] |> filter { int(n) if n > 1n => true _ => false } |> map { int(n) => n * 2n _ => 0n } |> collect;
                                                                                                      ^
            Expected a numeric type (Int or Float), got 'Any'.
          stack: |-
            must (file:///C:/Users/riley/plang2/Pipethon/src/analyzer.js:56:11)
            Function.haveNumericType (file:///C:/Users/riley/plang2/Pipethon/src/analyzer.js:156:5)
            Semantics.Wrapper.Expr5_mul (file:///C:/Users/riley/plang2/Pipethon/src/analyzer.js:474:12)
            Operation.execute (file:///C:/Users/riley/plang2/Pipethon/node_modules/ohm-js/src/Semantics.js:634:25)
            Semantics.Wrapper.doIt [as rep] (file:///C:/Users/riley/plang2/Pipethon/node_modules/ohm-js/src/Semantics.js:368:29)
            Semantics.Wrapper.<anonymous> (file:///C:/Users/riley/plang2/Pipethon/node_modules/ohm-js/src/Semantics.js:487:19)
            Operation.execute (file:///C:/Users/riley/plang2/Pipethon/node_modules/ohm-js/src/Semantics.js:650:39)
            Semantics.Wrapper.doIt [as rep] (file:///C:/Users/riley/plang2/Pipethon/node_modules/ohm-js/src/Semantics.js:368:29)
            Semantics.Wrapper.<anonymous> (file:///C:/Users/riley/plang2/Pipethon/node_modules/ohm-js/src/Semantics.js:487:19)
            Operation.execute (file:///C:/Users/riley/plang2/Pipethon/node_modules/ohm-js/src/Semantics.js:650:39)
          operator: 'doesNotThrow'
          stack: |-
            ok (file:///C:/Users/riley/plang2/Pipethon/test/compiler.test.js:14:10)
            TestContext.<anonymous> (file:///C:/Users/riley/plang2/Pipethon/test/compiler.test.js:141:7)
            Test.runInAsyncScope (node:async_hooks:206:9)
            Test.run (node:internal/test_runner/test:796:25)
            Test.start (node:internal/test_runner/test:703:17)
            node:internal/test_runner/test:1133:71
            node:internal/per_context/primordials:487:82
            new Promise (<anonymous>)
            new SafePromise (node:internal/per_context/primordials:455:29)
            node:internal/per_context/primordials:487:9
          ...
        # Subtest: compiles a named pipeline declaration and use
        not ok 2 - compiles a named pipeline declaration and use
          ---
          duration_ms: 1.3705
          location: 'C:\\Users\\riley\\plang2\\Pipethon\\test\\compiler.test.js:144:5'
          failureType: 'testCodeFailure'
          error: |-
            Got unwanted exception.
            Actual message: "Line 1, col 25:
            > 1 | pipeline evens = filter { int(n) if n % 2n == 0n => true _ => false };
                                          ^
            Expected ";", "|>", "(", ".", "%", "/", "*", ">", "<", ">=", "<=", "-", "+", "&&", "!=", "==", "??", or "||""
          code: 'ERR_ASSERTION'
          name: 'AssertionError'
          actual:
          error: |-
            Line 1, col 25:
            > 1 | pipeline evens = filter { int(n) if n % 2n == 0n => true _ => false };
                                          ^
            Expected ";", "|>", "(", ".", "%", "/", "*", ">", "<", ">=", "<=", "-", "+", "&&", "!=", "==", "??", or "||"
          stack: |-
            parse (file:///C:/Users/riley/plang2/Pipethon/src/parser.js:17:33)
            compile (file:///C:/Users/riley/plang2/Pipethon/src/compiler.js:13:17)
            file:///C:/Users/riley/plang2/Pipethon/test/compiler.test.js:14:29
            getActual (node:assert:498:5)
            Function.doesNotThrow (node:assert:664:32)
            ok (file:///C:/Users/riley/plang2/Pipethon/test/compiler.test.js:14:10)
            TestContext.<anonymous> (file:///C:/Users/riley/plang2/Pipethon/test/compiler.test.js:145:7)
            Test.runInAsyncScope (node:async_hooks:206:9)
            Test.run (node:internal/test_runner/test:796:25)
            Suite.processPendingSubtests (node:internal/test_runner/test:527:18)
          operator: 'doesNotThrow'
          stack: |-
            ok (file:///C:/Users/riley/plang2/Pipethon/test/compiler.test.js:14:10)
            TestContext.<anonymous> (file:///C:/Users/riley/plang2/Pipethon/test/compiler.test.js:145:7)
            Test.runInAsyncScope (node:async_hooks:206:9)
            Test.run (node:internal/test_runner/test:796:25)
            Suite.processPendingSubtests (node:internal/test_runner/test:527:18)
            Test.postRun (node:internal/test_runner/test:889:19)
            Test.run (node:internal/test_runner/test:835:12)
            async Promise.all (index 0)
            async Suite.run (node:internal/test_runner/test:1135:7)
            async Suite.processPendingSubtests (node:internal/test_runner/test:527:7)
          ...
        # Subtest: compiles some/none optional handling
        ok 3 - compiles some/none optional handling
          ---
          duration_ms: 2.7128
          ...
        # Subtest: compiles an llm pipeline with some/none handling
        ok 4 - compiles an llm pipeline with some/none handling
          ---
          duration_ms: 2.1552
          ...
        # Subtest: compiles ?? coalescing on an optional
        ok 5 - compiles ?? coalescing on an optional
          ---
          duration_ms: 2.4362
          ...
        # Subtest: compiles object pattern matching
        ok 6 - compiles object pattern matching
          ---
          duration_ms: 5.1828
          ...
        # Subtest: compiles head/tail list destructuring
        ok 7 - compiles head/tail list destructuring
          ---
          duration_ms: 4.2316
          ...
        # Subtest: compiles a multi-statement program
        ok 8 - compiles a multi-statement program
          ---
          duration_ms: 1.9083
          ...
        # Subtest: compiles a program with a line comment
        ok 9 - compiles a program with a line comment
          ---
          duration_ms: 3.7492
          ...
        # Subtest: compiles a program with a block comment
        ok 10 - compiles a program with a block comment
          ---
          duration_ms: 1.3293
          ...
        # Subtest: emits runnable JS with the prelude header
        ok 11 - emits runnable JS with the prelude header
          ---
          duration_ms: 1.2938
          ...
        # Subtest: generates unique variable names across statements
        ok 12 - generates unique variable names across statements
          ---
          duration_ms: 2.6752
          ...
        1..12
    not ok 5 - full programs compile end-to-end
      ---
      duration_ms: 35.523
      type: 'suite'
      location: 'C:\\Users\\riley\\plang2\\Pipethon\\test\\compiler.test.js:139:3'
      failureType: 'subtestsFailed'
      error: '2 subtests failed'
      code: 'ERR_TEST_FAILURE'
      ...
    1..5
not ok 2 - The compiler (end-to-end)
  ---
  duration_ms: 126.5893
  type: 'suite'
  location: 'C:\\Users\\riley\\plang2\\Pipethon\\test\\compiler.test.js:27:1'
  failureType: 'subtestsFailed'
  error: '3 subtests failed'
  code: 'ERR_TEST_FAILURE'
  ...
# Subtest: The generator
    # Subtest: emits the generated-by prelude comment
    ok 1 - emits the generated-by prelude comment
      ---
      duration_ms: 6.6181
      ...
    # Subtest: let declarations
        # Subtest: emits const for a let binding
        not ok 1 - emits const for a let binding
          ---
          duration_ms: 4.412
          location: 'C:\\Users\\riley\\plang2\\Pipethon\\test\\generator.test.js:40:5'
          failureType: 'testCodeFailure'
          error: |-
            Expected output to match: /const x_\d+ = 42n/
            Got:
            // Generated by Pipethon compiler
            // Runtime helper for llm() calls must be provided separately.
            const x_1 = 42;
          code: 'ERR_ASSERTION'
          name: 'AssertionError'
          expected:
          actual: |-
            // Generated by Pipethon compiler
            // Runtime helper for llm() calls must be provided separately.
            const x_1 = 42;
          operator: 'match'
          stack: |-
            has (file:///C:/Users/riley/plang2/Pipethon/test/generator.test.js:25:12)
            TestContext.<anonymous> (file:///C:/Users/riley/plang2/Pipethon/test/generator.test.js:41:7)
            Test.runInAsyncScope (node:async_hooks:206:9)
            Test.run (node:internal/test_runner/test:796:25)
            Test.start (node:internal/test_runner/test:703:17)
            node:internal/test_runner/test:1133:71
            node:internal/per_context/primordials:487:82
            new Promise (<anonymous>)
            new SafePromise (node:internal/per_context/primordials:455:29)
            node:internal/per_context/primordials:487:9
          ...
        # Subtest: emits const for a string binding
        ok 2 - emits const for a string binding
          ---
          duration_ms: 11.4117
          ...
        # Subtest: emits null for none
        ok 3 - emits null for none
          ---
          duration_ms: 7.3892
          ...
        1..3
    not ok 2 - let declarations
      ---
      duration_ms: 24.0093
      type: 'suite'
      location: 'C:\\Users\\riley\\plang2\\Pipethon\\test\\generator.test.js:39:3'
      failureType: 'subtestsFailed'
      error: '1 subtest failed'
      code: 'ERR_TEST_FAILURE'
      ...
    # Subtest: built-in pipe stages
        # Subtest: emits console.log for |> print
        ok 1 - emits console.log for |> print
          ---
          duration_ms: 3.0369
          ...
        # Subtest: passes the value through after print (returns input)
        not ok 2 - passes the value through after print (returns input)
          ---
          duration_ms: 2.6422
          location: 'C:\\Users\\riley\\plang2\\Pipethon\\test\\generator.test.js:60:5'
          failureType: 'testCodeFailure'
          error: |-
            Missing console.log call
            Got:
            // Generated by Pipethon compiler
            // Runtime helper for llm() calls must be provided separately.
            (console.log(42), 42)
          code: 'ERR_ASSERTION'
          name: 'AssertionError'
          expected: true
          actual: false
          operator: '=='
          stack: |-
            TestContext.<anonymous> (file:///C:/Users/riley/plang2/Pipethon/test/generator.test.js:62:14)
            Test.runInAsyncScope (node:async_hooks:206:9)
            Test.run (node:internal/test_runner/test:796:25)
            Suite.processPendingSubtests (node:internal/test_runner/test:527:18)
            Test.postRun (node:internal/test_runner/test:889:19)
            Test.run (node:internal/test_runner/test:835:12)
            async Promise.all (index 0)
            async Suite.run (node:internal/test_runner/test:1135:7)
            async Suite.processPendingSubtests (node:internal/test_runner/test:527:7)
          ...
        # Subtest: emits .filter() for |> filter { ... }
        ok 3 - emits .filter() for |> filter { ... }
          ---
          duration_ms: 10.0831
          ...
        # Subtest: emits .map() for |> map { ... }
        not ok 4 - emits .map() for |> map { ... }
          ---
          duration_ms: 7.7828
          location: 'C:\\Users\\riley\\plang2\\Pipethon\\test\\generator.test.js:69:5'
          failureType: 'testCodeFailure'
          error: |-
            Line 1, col 31:
            > 1 | [1n, 2n] |> map { int(n) => n * 2n _ => 0n };
                                                ^
            Expected a numeric type (Int or Float), got 'Any'.
          code: 'ERR_TEST_FAILURE'
          stack: |-
            must (file:///C:/Users/riley/plang2/Pipethon/src/analyzer.js:56:11)
            Function.haveNumericType (file:///C:/Users/riley/plang2/Pipethon/src/analyzer.js:156:5)
            Semantics.Wrapper.Expr5_mul (file:///C:/Users/riley/plang2/Pipethon/src/analyzer.js:474:12)
            Operation.execute (file:///C:/Users/riley/plang2/Pipethon/node_modules/ohm-js/src/Semantics.js:634:25)
            Semantics.Wrapper.doIt [as rep] (file:///C:/Users/riley/plang2/Pipethon/node_modules/ohm-js/src/Semantics.js:368:29)
            Semantics.Wrapper.<anonymous> (file:///C:/Users/riley/plang2/Pipethon/node_modules/ohm-js/src/Semantics.js:487:19)
            Operation.execute (file:///C:/Users/riley/plang2/Pipethon/node_modules/ohm-js/src/Semantics.js:650:39)
            Semantics.Wrapper.doIt [as rep] (file:///C:/Users/riley/plang2/Pipethon/node_modules/ohm-js/src/Semantics.js:368:29)
            Semantics.Wrapper.<anonymous> (file:///C:/Users/riley/plang2/Pipethon/node_modules/ohm-js/src/Semantics.js:487:19)
            Operation.execute (file:///C:/Users/riley/plang2/Pipethon/node_modules/ohm-js/src/Semantics.js:650:39)
          ...
        # Subtest: passes through collect unchanged (already an array)
        ok 5 - passes through collect unchanged (already an array)
          ---
          duration_ms: 2.4566
          ...
        1..5
    not ok 3 - built-in pipe stages
      ---
      duration_ms: 26.7947
      type: 'suite'
      location: 'C:\\Users\\riley\\plang2\\Pipethon\\test\\generator.test.js:55:3'
      failureType: 'subtestsFailed'
      error: '2 subtests failed'
      code: 'ERR_TEST_FAILURE'
      ...
    # Subtest: pattern block emission
        # Subtest: emits an IIFE for a pattern block
        ok 1 - emits an IIFE for a pattern block
          ---
          duration_ms: 6.5348
          ...
        # Subtest: emits typeof check for int type pattern
        ok 2 - emits typeof check for int type pattern
          ---
          duration_ms: 3.9747
          ...
        # Subtest: emits typeof check for float type pattern
        ok 3 - emits typeof check for float type pattern
          ---
          duration_ms: 3.3365
          ...
        # Subtest: emits typeof check for string type pattern
        ok 4 - emits typeof check for string type pattern
          ---
          duration_ms: 4.2206
          ...
        # Subtest: emits typeof check for bool type pattern
        ok 5 - emits typeof check for bool type pattern
          ---
          duration_ms: 2.4405
          ...
        # Subtest: emits Array.isArray for list type pattern
        ok 6 - emits Array.isArray for list type pattern
          ---
          duration_ms: 3.1066
          ...
        # Subtest: emits null check for none pattern
        ok 7 - emits null check for none pattern
          ---
          duration_ms: 2.9448
          ...
        # Subtest: emits not-null check for some pattern
        ok 8 - emits not-null check for some pattern
          ---
          duration_ms: 1.9933
          ...
        # Subtest: emits === true for true literal pattern
        ok 9 - emits === true for true literal pattern
          ---
          duration_ms: 2.0114
          ...
        # Subtest: emits Array.isArray + length check for empty list pattern
        ok 10 - emits Array.isArray + length check for empty list pattern
          ---
          duration_ms: 2.1405
          ...
        # Subtest: emits Array.isArray + length >= 1 for head/tail pattern
        ok 11 - emits Array.isArray + length >= 1 for head/tail pattern
          ---
          duration_ms: 4.0583
          ...
        # Subtest: emits throw Error for no-match case
        ok 12 - emits throw Error for no-match case
          ---
          duration_ms: 1.985
          ...
        # Subtest: emits hasOwnProperty check for object pattern
        ok 13 - emits hasOwnProperty check for object pattern
          ---
          duration_ms: 2.7798
          ...
        # Subtest: emits a guard condition with &&
        ok 14 - emits a guard condition with &&
          ---
          duration_ms: 2.2361
          ...
        1..14
    ok 4 - pattern block emission
      ---
      duration_ms: 44.8582
      type: 'suite'
      ...
    # Subtest: arithmetic expressions
        # Subtest: emits a parenthesised binary expression for addition
        not ok 1 - emits a parenthesised binary expression for addition
          ---
          duration_ms: 1.6257
          location: 'C:\\Users\\riley\\plang2\\Pipethon\\test\\generator.test.js:143:5'
          failureType: 'testCodeFailure'
          error: |-
            Expected output to include: (2n + 3n)
            Got:
            // Generated by Pipethon compiler
            // Runtime helper for llm() calls must be provided separately.
            const x_1 = 5;
          code: 'ERR_ASSERTION'
          name: 'AssertionError'
          expected: true
          actual: false
          operator: '=='
          stack: |-
            has (file:///C:/Users/riley/plang2/Pipethon/test/generator.test.js:23:12)
            TestContext.<anonymous> (file:///C:/Users/riley/plang2/Pipethon/test/generator.test.js:144:7)
            Test.runInAsyncScope (node:async_hooks:206:9)
            Test.run (node:internal/test_runner/test:796:25)
            Test.start (node:internal/test_runner/test:703:17)
            node:internal/test_runner/test:1133:71
            node:internal/per_context/primordials:487:82
            new Promise (<anonymous>)
            new SafePromise (node:internal/per_context/primordials:455:29)
            node:internal/per_context/primordials:487:9
          ...
        # Subtest: emits === for == operator (strict equality in JS)
        not ok 2 - emits === for == operator (strict equality in JS)
          ---
          duration_ms: 1.5754
          location: 'C:\\Users\\riley\\plang2\\Pipethon\\test\\generator.test.js:147:5'
          failureType: 'testCodeFailure'
          error: |-
            Expected output to include: ===
            Got:
            // Generated by Pipethon compiler
            // Runtime helper for llm() calls must be provided separately.
            const x_1 = true;
          code: 'ERR_ASSERTION'
          name: 'AssertionError'
          expected: true
          actual: false
          operator: '=='
          stack: |-
            has (file:///C:/Users/riley/plang2/Pipethon/test/generator.test.js:23:12)
            TestContext.<anonymous> (file:///C:/Users/riley/plang2/Pipethon/test/generator.test.js:148:7)
            Test.runInAsyncScope (node:async_hooks:206:9)
            Test.run (node:internal/test_runner/test:796:25)
            Suite.processPendingSubtests (node:internal/test_runner/test:527:18)
            Test.postRun (node:internal/test_runner/test:889:19)
            Test.run (node:internal/test_runner/test:835:12)
            async Promise.all (index 0)
            async Suite.run (node:internal/test_runner/test:1135:7)
            async Suite.processPendingSubtests (node:internal/test_runner/test:527:7)
          ...
        # Subtest: emits !== for != operator
        not ok 3 - emits !== for != operator
          ---
          duration_ms: 1.727
          location: 'C:\\Users\\riley\\plang2\\Pipethon\\test\\generator.test.js:151:5'
          failureType: 'testCodeFailure'
          error: |-
            Expected output to include: !==
            Got:
            // Generated by Pipethon compiler
            // Runtime helper for llm() calls must be provided separately.
            const x_1 = true;
          code: 'ERR_ASSERTION'
          name: 'AssertionError'
          expected: true
          actual: false
          operator: '=='
          stack: |-
            has (file:///C:/Users/riley/plang2/Pipethon/test/generator.test.js:23:12)
            TestContext.<anonymous> (file:///C:/Users/riley/plang2/Pipethon/test/generator.test.js:152:7)
            Test.runInAsyncScope (node:async_hooks:206:9)
            Test.run (node:internal/test_runner/test:796:25)
            Suite.processPendingSubtests (node:internal/test_runner/test:527:18)
            Test.postRun (node:internal/test_runner/test:889:19)
            Test.run (node:internal/test_runner/test:835:12)
            async Suite.processPendingSubtests (node:internal/test_runner/test:527:7)
          ...
        # Subtest: emits unary minus for negation
        not ok 4 - emits unary minus for negation
          ---
          duration_ms: 1.8492
          location: 'C:\\Users\\riley\\plang2\\Pipethon\\test\\generator.test.js:155:5'
          failureType: 'testCodeFailure'
          error: |-
            Expected output to include: (-5n)
            Got:
            // Generated by Pipethon compiler
            // Runtime helper for llm() calls must be provided separately.
            const x_1 = -5;
          code: 'ERR_ASSERTION'
          name: 'AssertionError'
          expected: true
          actual: false
          operator: '=='
          stack: |-
            has (file:///C:/Users/riley/plang2/Pipethon/test/generator.test.js:23:12)
            TestContext.<anonymous> (file:///C:/Users/riley/plang2/Pipethon/test/generator.test.js:156:7)
            Test.runInAsyncScope (node:async_hooks:206:9)
            Test.run (node:internal/test_runner/test:796:25)
            Suite.processPendingSubtests (node:internal/test_runner/test:527:18)
            Test.postRun (node:internal/test_runner/test:889:19)
            Test.run (node:internal/test_runner/test:835:12)
            async Suite.processPendingSubtests (node:internal/test_runner/test:527:7)
          ...
        # Subtest: emits logical not
        not ok 5 - emits logical not
          ---
          duration_ms: 1.1364
          location: 'C:\\Users\\riley\\plang2\\Pipethon\\test\\generator.test.js:159:5'
          failureType: 'testCodeFailure'
          error: |-
            Expected output to include: (!true)
            Got:
            // Generated by Pipethon compiler
            // Runtime helper for llm() calls must be provided separately.
            const x_1 = false;
          code: 'ERR_ASSERTION'
          name: 'AssertionError'
          expected: true
          actual: false
          operator: '=='
          stack: |-
            has (file:///C:/Users/riley/plang2/Pipethon/test/generator.test.js:23:12)
            TestContext.<anonymous> (file:///C:/Users/riley/plang2/Pipethon/test/generator.test.js:160:7)
            Test.runInAsyncScope (node:async_hooks:206:9)
            Test.run (node:internal/test_runner/test:796:25)
            Suite.processPendingSubtests (node:internal/test_runner/test:527:18)
            Test.postRun (node:internal/test_runner/test:889:19)
            Test.run (node:internal/test_runner/test:835:12)
            async Suite.processPendingSubtests (node:internal/test_runner/test:527:7)
          ...
        1..5
    not ok 5 - arithmetic expressions
      ---
      duration_ms: 8.4165
      type: 'suite'
      location: 'C:\\Users\\riley\\plang2\\Pipethon\\test\\generator.test.js:142:3'
      failureType: 'subtestsFailed'
      error: '5 subtests failed'
      code: 'ERR_TEST_FAILURE'
      ...
    # Subtest: coalesce operator
        # Subtest: emits a ternary null-check for ??
        ok 1 - emits a ternary null-check for ??
          ---
          duration_ms: 1.5601
          ...
        1..1
    ok 6 - coalesce operator
      ---
      duration_ms: 1.692
      type: 'suite'
      ...
    # Subtest: method calls
        # Subtest: emits dot-method call syntax
        ok 1 - emits dot-method call syntax
          ---
          duration_ms: 2.5204
          ...
        # Subtest: emits method call with arguments
        ok 2 - emits method call with arguments
          ---
          duration_ms: 2.6698
          ...
        1..2
    ok 7 - method calls
      ---
      duration_ms: 5.4177
      type: 'suite'
      ...
    # Subtest: llm() calls
        # Subtest: emits an await __llm__() call for an LLM pipe stage
        ok 1 - emits an await __llm__() call for an LLM pipe stage
          ---
          duration_ms: 4.1171
          ...
        # Subtest: emits __llm__ with model argument
        ok 2 - emits __llm__ with model argument
          ---
          duration_ms: 3.0702
          ...
        1..2
    ok 8 - llm() calls
      ---
      duration_ms: 7.4667
      type: 'suite'
      ...
    # Subtest: object and list literals
        # Subtest: emits an array literal for a list
        not ok 1 - emits an array literal for a list
          ---
          duration_ms: 1.7905
          location: 'C:\\Users\\riley\\plang2\\Pipethon\\test\\generator.test.js:205:5'
          failureType: 'testCodeFailure'
          error: |-
            Expected output to include: [1n, 2n, 3n]
            Got:
            // Generated by Pipethon compiler
            // Runtime helper for llm() calls must be provided separately.
            (console.log([1, 2, 3]), [1, 2, 3])
          code: 'ERR_ASSERTION'
          name: 'AssertionError'
          expected: true
          actual: false
          operator: '=='
          stack: |-
            has (file:///C:/Users/riley/plang2/Pipethon/test/generator.test.js:23:12)
            TestContext.<anonymous> (file:///C:/Users/riley/plang2/Pipethon/test/generator.test.js:206:7)
            Test.runInAsyncScope (node:async_hooks:206:9)
            Test.run (node:internal/test_runner/test:796:25)
            Test.start (node:internal/test_runner/test:703:17)
            node:internal/test_runner/test:1133:71
            node:internal/per_context/primordials:487:82
            new Promise (<anonymous>)
            new SafePromise (node:internal/per_context/primordials:455:29)
            node:internal/per_context/primordials:487:9
          ...
        # Subtest: emits an object literal with keys
        ok 2 - emits an object literal with keys
          ---
          duration_ms: 1.7097
          ...
        # Subtest: emits an empty array for an empty list
        ok 3 - emits an empty array for an empty list
          ---
          duration_ms: 1.41
          ...
        1..3
    not ok 9 - object and list literals
      ---
      duration_ms: 5.2114
      type: 'suite'
      location: 'C:\\Users\\riley\\plang2\\Pipethon\\test\\generator.test.js:204:3'
      failureType: 'subtestsFailed'
      error: '1 subtest failed'
      code: 'ERR_TEST_FAILURE'
      ...
    # Subtest: named pipeline declarations
        # Subtest: emits a comment for a pipeline declaration
        not ok 1 - emits a comment for a pipeline declaration
          ---
          duration_ms: 3.0361
          location: 'C:\\Users\\riley\\plang2\\Pipethon\\test\\generator.test.js:221:5'
          failureType: 'testCodeFailure'
          error: |-
            Line 1, col 50:
            > 1 | pipeline doubles = [1n, 2n] |> map { int(n) => n * 2n _ => 0n };
                                                                   ^
            Expected a numeric type (Int or Float), got 'Any'.
          code: 'ERR_TEST_FAILURE'
          stack: |-
            must (file:///C:/Users/riley/plang2/Pipethon/src/analyzer.js:56:11)
            Function.haveNumericType (file:///C:/Users/riley/plang2/Pipethon/src/analyzer.js:156:5)
            Semantics.Wrapper.Expr5_mul (file:///C:/Users/riley/plang2/Pipethon/src/analyzer.js:474:12)
            Operation.execute (file:///C:/Users/riley/plang2/Pipethon/node_modules/ohm-js/src/Semantics.js:634:25)
            Semantics.Wrapper.doIt [as rep] (file:///C:/Users/riley/plang2/Pipethon/node_modules/ohm-js/src/Semantics.js:368:29)
            Semantics.Wrapper.<anonymous> (file:///C:/Users/riley/plang2/Pipethon/node_modules/ohm-js/src/Semantics.js:487:19)
            Operation.execute (file:///C:/Users/riley/plang2/Pipethon/node_modules/ohm-js/src/Semantics.js:650:39)
            Semantics.Wrapper.doIt [as rep] (file:///C:/Users/riley/plang2/Pipethon/node_modules/ohm-js/src/Semantics.js:368:29)
            Semantics.Wrapper.<anonymous> (file:///C:/Users/riley/plang2/Pipethon/node_modules/ohm-js/src/Semantics.js:487:19)
            Operation.execute (file:///C:/Users/riley/plang2/Pipethon/node_modules/ohm-js/src/Semantics.js:650:39)
          ...
        1..1
    not ok 10 - named pipeline declarations
      ---
      duration_ms: 3.2012
      type: 'suite'
      location: 'C:\\Users\\riley\\plang2\\Pipethon\\test\\generator.test.js:220:3'
      failureType: 'subtestsFailed'
      error: '1 subtest failed'
      code: 'ERR_TEST_FAILURE'
      ...
    # Subtest: multi-statement programs
        # Subtest: emits multiple const declarations for multiple lets
        not ok 1 - emits multiple const declarations for multiple lets
          ---
          duration_ms: 2.3809
          location: 'C:\\Users\\riley\\plang2\\Pipethon\\test\\generator.test.js:232:5'
          failureType: 'testCodeFailure'
          error: |-
            The input did not match the regular expression /const x_\d+ = 1n/. Input:
            
            '// Generated by Pipethon compiler\n' +
              '// Runtime helper for llm() calls must be provided separately.\n' +
              'const x_1 = 1;\n' +
              'const y_2 = 2;'
            
          code: 'ERR_ASSERTION'
          name: 'AssertionError'
          expected:
          actual: |-
            // Generated by Pipethon compiler
            // Runtime helper for llm() calls must be provided separately.
            const x_1 = 1;
            const y_2 = 2;
          operator: 'match'
          stack: |-
            TestContext.<anonymous> (file:///C:/Users/riley/plang2/Pipethon/test/generator.test.js:234:14)
            Test.runInAsyncScope (node:async_hooks:206:9)
            Test.run (node:internal/test_runner/test:796:25)
            Test.start (node:internal/test_runner/test:703:17)
            node:internal/test_runner/test:1133:71
            node:internal/per_context/primordials:487:82
            new Promise (<anonymous>)
            new SafePromise (node:internal/per_context/primordials:455:29)
            node:internal/per_context/primordials:487:9
            Array.map (<anonymous>)
          ...
        # Subtest: emits both declaration and pipeline for mixed programs
        ok 2 - emits both declaration and pipeline for mixed programs
          ---
          duration_ms: 1.109
          ...
        1..2
    not ok 11 - multi-statement programs
      ---
      duration_ms: 3.6454
      type: 'suite'
      location: 'C:\\Users\\riley\\plang2\\Pipethon\\test\\generator.test.js:231:3'
      failureType: 'subtestsFailed'
      error: '1 subtest failed'
      code: 'ERR_TEST_FAILURE'
      ...
    1..11
not ok 3 - The generator
  ---
  duration_ms: 140.8211
  type: 'suite'
  location: 'C:\\Users\\riley\\plang2\\Pipethon\\test\\generator.test.js:29:1'
  failureType: 'subtestsFailed'
  error: '6 subtests failed'
  code: 'ERR_TEST_FAILURE'
  ...
# Subtest: The optimizer
    # Subtest: constant folds BigInt arithmetic
        # Subtest: folds 3n + 4n ΓåÆ 7n
        ok 1 - folds 3n + 4n ΓåÆ 7n
          ---
          duration_ms: 2.6693
          ...
        # Subtest: folds 10n - 3n ΓåÆ 7n
        ok 2 - folds 10n - 3n ΓåÆ 7n
          ---
          duration_ms: 0.3198
          ...
        # Subtest: folds 6n * 7n ΓåÆ 42n
        ok 3 - folds 6n * 7n ΓåÆ 42n
          ---
          duration_ms: 0.1645
          ...
        # Subtest: folds 20n / 4n ΓåÆ 5n
        ok 4 - folds 20n / 4n ΓåÆ 5n
          ---
          duration_ms: 0.1663
          ...
        # Subtest: folds 10n % 3n ΓåÆ 1n
        ok 5 - folds 10n % 3n ΓåÆ 1n
          ---
          duration_ms: 0.185
          ...
        # Subtest: folds 2n ** 10n ΓåÆ 1024n
        ok 6 - folds 2n ** 10n ΓåÆ 1024n
          ---
          duration_ms: 0.2024
          ...
        1..6
    ok 1 - constant folds BigInt arithmetic
      ---
      duration_ms: 5.3016
      type: 'suite'
      ...
    # Subtest: constant folds Float arithmetic
        # Subtest: folds 1.5 + 2.5 ΓåÆ 4.0
        ok 1 - folds 1.5 + 2.5 ΓåÆ 4.0
          ---
          duration_ms: 0.3046
          ...
        # Subtest: folds 3.0 * 2.0 ΓåÆ 6.0
        ok 2 - folds 3.0 * 2.0 ΓåÆ 6.0
          ---
          duration_ms: 0.1802
          ...
        1..2
    ok 2 - constant folds Float arithmetic
      ---
      duration_ms: 0.7988
      type: 'suite'
      ...
    # Subtest: constant folds comparisons
        # Subtest: folds 5n > 3n ΓåÆ true
        ok 1 - folds 5n > 3n ΓåÆ true
          ---
          duration_ms: 0.2729
          ...
        # Subtest: folds 3n > 5n ΓåÆ false
        ok 2 - folds 3n > 5n ΓåÆ false
          ---
          duration_ms: 0.3137
          ...
        # Subtest: folds 3n == 3n ΓåÆ true
        ok 3 - folds 3n == 3n ΓåÆ true
          ---
          duration_ms: 0.1969
          ...
        # Subtest: folds 3n != 4n ΓåÆ true
        ok 4 - folds 3n != 4n ΓåÆ true
          ---
          duration_ms: 0.2614
          ...
        # Subtest: folds 2n <= 2n ΓåÆ true
        ok 5 - folds 2n <= 2n ΓåÆ true
          ---
          duration_ms: 0.2292
          ...
        # Subtest: folds 5n >= 6n ΓåÆ false
        ok 6 - folds 5n >= 6n ΓåÆ false
          ---
          duration_ms: 0.1847
          ...
        1..6
    ok 3 - constant folds comparisons
      ---
      duration_ms: 1.7698
      type: 'suite'
      ...
    # Subtest: strength reductions (left operand is constant)
        # Subtest: folds 0n + x ΓåÆ x
        ok 1 - folds 0n + x ΓåÆ x
          ---
          duration_ms: 0.4078
          ...
        # Subtest: folds 1n * x ΓåÆ x
        ok 2 - folds 1n * x ΓåÆ x
          ---
          duration_ms: 0.2062
          ...
        # Subtest: folds 0n * x ΓåÆ 0n
        ok 3 - folds 0n * x ΓåÆ 0n
          ---
          duration_ms: 0.1794
          ...
        # Subtest: folds 0n / x ΓåÆ 0n
        ok 4 - folds 0n / x ΓåÆ 0n
          ---
          duration_ms: 0.2986
          ...
        1..4
    ok 4 - strength reductions (left operand is constant)
      ---
      duration_ms: 1.3472
      type: 'suite'
      ...
    # Subtest: strength reductions (right operand is constant)
        # Subtest: folds x + 0n ΓåÆ x
        ok 1 - folds x + 0n ΓåÆ x
          ---
          duration_ms: 0.2465
          ...
        # Subtest: folds x - 0n ΓåÆ x
        ok 2 - folds x - 0n ΓåÆ x
          ---
          duration_ms: 0.1553
          ...
        # Subtest: folds x * 1n ΓåÆ x
        ok 3 - folds x * 1n ΓåÆ x
          ---
          duration_ms: 0.1542
          ...
        # Subtest: folds x / 1n ΓåÆ x
        ok 4 - folds x / 1n ΓåÆ x
          ---
          duration_ms: 0.1321
          ...
        # Subtest: folds x * 0n ΓåÆ 0n
        ok 5 - folds x * 0n ΓåÆ 0n
          ---
          duration_ms: 0.1237
          ...
        # Subtest: folds x ** 0n ΓåÆ 1
        ok 6 - folds x ** 0n ΓåÆ 1
          ---
          duration_ms: 0.1206
          ...
        1..6
    ok 5 - strength reductions (right operand is constant)
      ---
      duration_ms: 1.7969
      type: 'suite'
      ...
    # Subtest: boolean short-circuit simplification
        # Subtest: folds true && b ΓåÆ b
        ok 1 - folds true && b ΓåÆ b
          ---
          duration_ms: 0.2058
          ...
        # Subtest: folds b && true ΓåÆ b
        ok 2 - folds b && true ΓåÆ b
          ---
          duration_ms: 0.3025
          ...
        # Subtest: folds false && b ΓåÆ false
        ok 3 - folds false && b ΓåÆ false
          ---
          duration_ms: 0.1314
          ...
        # Subtest: folds b && false ΓåÆ false
        ok 4 - folds b && false ΓåÆ false
          ---
          duration_ms: 0.142
          ...
        # Subtest: folds false || b ΓåÆ b
        ok 5 - folds false || b ΓåÆ b
          ---
          duration_ms: 0.1213
          ...
        # Subtest: folds b || false ΓåÆ b
        ok 6 - folds b || false ΓåÆ b
          ---
          duration_ms: 0.1065
          ...
        # Subtest: folds true || b ΓåÆ true
        ok 7 - folds true || b ΓåÆ true
          ---
          duration_ms: 0.1055
          ...
        # Subtest: folds b || true ΓåÆ true
        ok 8 - folds b || true ΓåÆ true
          ---
          duration_ms: 0.1653
          ...
        1..8
    ok 6 - boolean short-circuit simplification
      ---
      duration_ms: 1.5506
      type: 'suite'
      ...
    # Subtest: unary expression folding
        # Subtest: folds -(5n) ΓåÆ -5n
        ok 1 - folds -(5n) ΓåÆ -5n
          ---
          duration_ms: 0.2543
          ...
        # Subtest: folds -(3.0) ΓåÆ -3.0
        ok 2 - folds -(3.0) ΓåÆ -3.0
          ---
          duration_ms: 0.1263
          ...
        # Subtest: folds !true ΓåÆ false
        ok 3 - folds !true ΓåÆ false
          ---
          duration_ms: 0.2055
          ...
        # Subtest: folds !false ΓåÆ true
        ok 4 - folds !false ΓåÆ true
          ---
          duration_ms: 0.2281
          ...
        # Subtest: does not fold negation of a variable
        ok 5 - does not fold negation of a variable
          ---
          duration_ms: 0.2004
          ...
        1..5
    ok 7 - unary expression folding
      ---
      duration_ms: 1.2398
      type: 'suite'
      ...
    # Subtest: coalesce folding
        # Subtest: folds none ?? default ΓåÆ default
        ok 1 - folds none ?? default ΓåÆ default
          ---
          duration_ms: 0.2625
          ...
        # Subtest: folds non-optional literal ?? default ΓåÆ literal (left wins)
        ok 2 - folds non-optional literal ?? default ΓåÆ literal (left wins)
          ---
          duration_ms: 0.2133
          ...
        # Subtest: preserves coalesce when left is an optional variable
        ok 3 - preserves coalesce when left is an optional variable
          ---
          duration_ms: 0.1971
          ...
        1..3
    ok 8 - coalesce folding
      ---
      duration_ms: 0.8499
      type: 'suite'
      ...
    # Subtest: recursive optimization through the AST
        # Subtest: folds nested arithmetic: (2n + 3n) * 4n ΓåÆ 20n
        ok 1 - folds nested arithmetic: (2n + 3n) * 4n ΓåÆ 20n
          ---
          duration_ms: 0.1937
          ...
        # Subtest: folds through a LetDeclaration initializer
        ok 2 - folds through a LetDeclaration initializer
          ---
          duration_ms: 0.1936
          ...
        # Subtest: folds through a ListLiteral's elements
        ok 3 - folds through a ListLiteral's elements
          ---
          duration_ms: 0.7368
          ...
        # Subtest: folds inside a Pipeline source
        ok 4 - folds inside a Pipeline source
          ---
          duration_ms: 0.273
          ...
        1..4
    ok 9 - recursive optimization through the AST
      ---
      duration_ms: 1.6972
      type: 'suite'
      ...
    # Subtest: passes through nodes it cannot optimize
        # Subtest: passes through a Variable node
        ok 1 - passes through a Variable node
          ---
          duration_ms: 0.1627
          ...
        # Subtest: passes through a NoneLiteral
        ok 2 - passes through a NoneLiteral
          ---
          duration_ms: 0.1093
          ...
        # Subtest: passes through an LLMStage (opaque at compile time)
        ok 3 - passes through an LLMStage (opaque at compile time)
          ---
          duration_ms: 0.1617
          ...
        # Subtest: passes through an LLMExpression
        ok 4 - passes through an LLMExpression
          ---
          duration_ms: 0.1717
          ...
        1..4
    ok 10 - passes through nodes it cannot optimize
      ---
      duration_ms: 0.8459
      type: 'suite'
      ...
    1..10
ok 4 - The optimizer
  ---
  duration_ms: 19.5041
  type: 'suite'
  ...
# Subtest: The parser
    # Subtest: matches integer literal statement
    ok 1 - matches integer literal statement
      ---
      duration_ms: 8.5078
      ...
    # Subtest: matches float literal statement
    ok 2 - matches float literal statement
      ---
      duration_ms: 3.9688
      ...
    # Subtest: matches string literal statement
    ok 3 - matches string literal statement
      ---
      duration_ms: 2.4982
      ...
    # Subtest: matches true literal statement
    ok 4 - matches true literal statement
      ---
      duration_ms: 2.9396
      ...
    # Subtest: matches false literal statement
    ok 5 - matches false literal statement
      ---
      duration_ms: 1.5854
      ...
    # Subtest: matches list literal statement
    ok 6 - matches list literal statement
      ---
      duration_ms: 4.0238
      ...
    # Subtest: matches object literal statement
    ok 7 - matches object literal statement
      ---
      duration_ms: 3.3476
      ...
    # Subtest: matches empty list literal
    ok 8 - matches empty list literal
      ---
      duration_ms: 2.536
      ...
    # Subtest: matches untyped let binding
    ok 9 - matches untyped let binding
      ---
      duration_ms: 2.3696
      ...
    # Subtest: matches typed let Int binding
    ok 10 - matches typed let Int binding
      ---
      duration_ms: 2.6178
      ...
    # Subtest: matches typed let String binding
    ok 11 - matches typed let String binding
      ---
      duration_ms: 1.9067
      ...
    # Subtest: matches typed let Bool binding
    ok 12 - matches typed let Bool binding
      ---
      duration_ms: 1.78
      ...
    # Subtest: matches typed optional binding
    ok 13 - matches typed optional binding
      ---
      duration_ms: 1.6509
      ...
    # Subtest: matches let binding to pipeline result
    ok 14 - matches let binding to pipeline result
      ---
      duration_ms: 3.871
      ...
    # Subtest: matches named pipeline no type
    not ok 15 - matches named pipeline no type
      ---
      duration_ms: 6.1003
      location: 'C:\\Users\\riley\\plang2\\Pipethon\\test\\parser.test.js:117:5'
      failureType: 'testCodeFailure'
      error: |-
        Line 1, col 24:
        > 1 | pipeline doubles = map { int(n) => n * 2n };
                                     ^
        Expected ";", "|>", "(", ".", "%", "/", "*", ">", "<", ">=", "<=", "-", "+", "&&", "!=", "==", "??", or "||"
      code: 'ERR_TEST_FAILURE'
      stack: |-
        parse (file:///C:/Users/riley/plang2/Pipethon/src/parser.js:17:33)
        TestContext.<anonymous> (file:///C:/Users/riley/plang2/Pipethon/test/parser.test.js:118:14)
        Test.runInAsyncScope (node:async_hooks:206:9)
        Test.run (node:internal/test_runner/test:796:25)
        Suite.processPendingSubtests (node:internal/test_runner/test:527:18)
        Test.postRun (node:internal/test_runner/test:889:19)
        Test.run (node:internal/test_runner/test:835:12)
        async Suite.processPendingSubtests (node:internal/test_runner/test:527:7)
      ...
    # Subtest: matches named pipeline with type
    not ok 16 - matches named pipeline with type
      ---
      duration_ms: 4.5921
      location: 'C:\\Users\\riley\\plang2\\Pipethon\\test\\parser.test.js:117:5'
      failureType: 'testCodeFailure'
      error: |-
        Line 1, col 35:
        > 1 | pipeline pos: Any -> Any = filter { int(n) if n > 0n => true _ => false };
                                                ^
        Expected ";", "|>", "(", ".", "%", "/", "*", ">", "<", ">=", "<=", "-", "+", "&&", "!=", "==", "??", or "||"
      code: 'ERR_TEST_FAILURE'
      stack: |-
        parse (file:///C:/Users/riley/plang2/Pipethon/src/parser.js:17:33)
        TestContext.<anonymous> (file:///C:/Users/riley/plang2/Pipethon/test/parser.test.js:118:14)
        Test.runInAsyncScope (node:async_hooks:206:9)
        Test.run (node:internal/test_runner/test:796:25)
        Suite.processPendingSubtests (node:internal/test_runner/test:527:18)
        Test.postRun (node:internal/test_runner/test:889:19)
        Test.run (node:internal/test_runner/test:835:12)
        async Suite.processPendingSubtests (node:internal/test_runner/test:527:7)
      ...
    # Subtest: matches two-stage pipeline
    ok 17 - matches two-stage pipeline
      ---
      duration_ms: 9.0147
      ...
    # Subtest: matches three-stage pipeline
    ok 18 - matches three-stage pipeline
      ---
      duration_ms: 8.6518
      ...
    # Subtest: matches int type pattern
    ok 19 - matches int type pattern
      ---
      duration_ms: 3.467
      ...
    # Subtest: matches float type pattern
    ok 20 - matches float type pattern
      ---
      duration_ms: 3.6161
      ...
    # Subtest: matches string type pattern
    ok 21 - matches string type pattern
      ---
      duration_ms: 3.4312
      ...
    # Subtest: matches bool type pattern
    ok 22 - matches bool type pattern
      ---
      duration_ms: 3.0069
      ...
    # Subtest: matches list type pattern
    ok 23 - matches list type pattern
      ---
      duration_ms: 3.089
      ...
    # Subtest: matches none pattern
    ok 24 - matches none pattern
      ---
      duration_ms: 2.3025
      ...
    # Subtest: matches some pattern
    ok 25 - matches some pattern
      ---
      duration_ms: 2.4714
      ...
    # Subtest: matches wildcard pattern
    ok 26 - matches wildcard pattern
      ---
      duration_ms: 1.4643
      ...
    # Subtest: matches integer literal pattern
    ok 27 - matches integer literal pattern
      ---
      duration_ms: 1.5387
      ...
    # Subtest: matches string literal pattern
    ok 28 - matches string literal pattern
      ---
      duration_ms: 1.9391
      ...
    # Subtest: matches bool literal pattern true
    ok 29 - matches bool literal pattern true
      ---
      duration_ms: 1.679
      ...
    # Subtest: matches bool literal pattern false
    ok 30 - matches bool literal pattern false
      ---
      duration_ms: 1.7669
      ...
    # Subtest: matches guard with int pattern
    ok 31 - matches guard with int pattern
      ---
      duration_ms: 2.8463
      ...
    # Subtest: matches guard with string length
    ok 32 - matches guard with string length
      ---
      duration_ms: 2.9629
      ...
    # Subtest: matches guard with && condition
    ok 33 - matches guard with && condition
      ---
      duration_ms: 3.0296
      ...
    # Subtest: matches object pattern with bindings
    ok 34 - matches object pattern with bindings
      ---
      duration_ms: 1.9162
      ...
    # Subtest: matches object pattern shorthand
    ok 35 - matches object pattern shorthand
      ---
      duration_ms: 2.0804
      ...
    # Subtest: matches object pattern multi-field
    ok 36 - matches object pattern multi-field
      ---
      duration_ms: 2.1695
      ...
    # Subtest: matches object pattern with guard
    ok 37 - matches object pattern with guard
      ---
      duration_ms: 2.2802
      ...
    # Subtest: matches empty list pattern
    ok 38 - matches empty list pattern
      ---
      duration_ms: 1.5437
      ...
    # Subtest: matches single element list pattern
    ok 39 - matches single element list pattern
      ---
      duration_ms: 1.1071
      ...
    # Subtest: matches head and tail list pattern
    ok 40 - matches head and tail list pattern
      ---
      duration_ms: 1.1495
      ...
    # Subtest: matches coalesce with optional
    ok 41 - matches coalesce with optional
      ---
      duration_ms: 0.7717
      ...
    # Subtest: matches llm as pipe stage
    ok 42 - matches llm as pipe stage
      ---
      duration_ms: 0.7023
      ...
    # Subtest: matches llm with format arg
    ok 43 - matches llm with format arg
      ---
      duration_ms: 1.2015
      ...
    # Subtest: matches llm as expression in arm
    ok 44 - matches llm as expression in arm
      ---
      duration_ms: 0.9739
      ...
    # Subtest: matches addition
    ok 45 - matches addition
      ---
      duration_ms: 1.1457
      ...
    # Subtest: matches multiplication
    ok 46 - matches multiplication
      ---
      duration_ms: 1.3602
      ...
    # Subtest: matches mixed arithmetic
    ok 47 - matches mixed arithmetic
      ---
      duration_ms: 0.7334
      ...
    # Subtest: matches negation
    ok 48 - matches negation
      ---
      duration_ms: 0.6211
      ...
    # Subtest: matches logical not
    ok 49 - matches logical not
      ---
      duration_ms: 0.6766
      ...
    # Subtest: matches comparison operators
    ok 50 - matches comparison operators
      ---
      duration_ms: 0.4186
      ...
    # Subtest: matches equality operator
    ok 51 - matches equality operator
      ---
      duration_ms: 0.4684
      ...
    # Subtest: matches method call on string
    ok 52 - matches method call on string
      ---
      duration_ms: 0.881
      ...
    # Subtest: matches method call with args
    ok 53 - matches method call with args
      ---
      duration_ms: 1.0435
      ...
    # Subtest: matches line comment
    ok 54 - matches line comment
      ---
      duration_ms: 0.7992
      ...
    # Subtest: matches block comment
    ok 55 - matches block comment
      ---
      duration_ms: 0.9696
      ...
    # Subtest: matches inline comment
    ok 56 - matches inline comment
      ---
      duration_ms: 2.0131
      ...
    # Subtest: matches multiple let declarations
    ok 57 - matches multiple let declarations
      ---
      duration_ms: 1.9671
      ...
    # Subtest: matches pipeline then declaration
    ok 58 - matches pipeline then declaration
      ---
      duration_ms: 1.3998
      ...
    # Subtest: throws on missing semicolon
    ok 59 - throws on missing semicolon
      ---
      duration_ms: 2.2451
      ...
    # Subtest: throws on pipeline starts with |>
    ok 60 - throws on pipeline starts with |>
      ---
      duration_ms: 1.4361
      ...
    # Subtest: throws on missing => in arm
    ok 61 - throws on missing => in arm
      ---
      duration_ms: 0.6074
      ...
    # Subtest: throws on unclosed pattern block
    ok 62 - throws on unclosed pattern block
      ---
      duration_ms: 1.7086
      ...
    # Subtest: throws on empty pattern block
    ok 63 - throws on empty pattern block
      ---
      duration_ms: 1.2796
      ...
    # Subtest: throws on tail without dots
    ok 64 - throws on tail without dots
      ---
      duration_ms: 1.3759
      ...
    # Subtest: throws on let with no initializer
    ok 65 - throws on let with no initializer
      ---
      duration_ms: 0.4631
      ...
    # Subtest: throws on llm with no args
    ok 66 - throws on llm with no args
      ---
      duration_ms: 1.1669
      ...
    # Subtest: throws on unknown token
    ok 67 - throws on unknown token
      ---
      duration_ms: 1.6785
      ...
    # Subtest: throws on unclosed string
    ok 68 - throws on unclosed string
      ---
      duration_ms: 0.5921
      ...
    # Subtest: throws on pipeline type missing arrow
    ok 69 - throws on pipeline type missing arrow
      ---
      duration_ms: 0.8063
      ...
    1..69
not ok 5 - The parser
  ---
  duration_ms: 160.2983
  type: 'suite'
  location: 'C:\\Users\\riley\\plang2\\Pipethon\\test\\parser.test.js:115:1'
  failureType: 'subtestsFailed'
  error: '2 subtests failed'
  code: 'ERR_TEST_FAILURE'
  ...
1..5
# tests 239
# suites 39
# pass 211
# fail 28
# cancelled 0
# skipped 0
# todo 0
# duration_ms 520.5966
